================================================================================
TESTING CHARM IMPLEMENTATION
================================================================================
julia : ERROR: LoadError: MethodError: no method matching println(::String; 
flush::Bool)
At line:1 char:1
+ julia --project=. simple_test.jl > test_output.txt 2>&1 ;&  Get-Conte ...
+ ~~~~~~~~~~~~~~~~~~~~~~~~~~~~~~~~~~~~~~~~~~~~~~~~~~~~~~~
    + CategoryInfo          : NotSpecified: (ERROR: LoadErro...g; flush::Bool) 
   :String) [], RemoteException
    + FullyQualifiedErrorId : NativeCommandError
 
This method does not support all of the given keyword arguments (and may not 
support any).

Closest candidates are:
  println(::Any, !Matched::Any) got unsupported keyword argument "flush"
   @ Base coreio.jl:6
  println(::Any) got unsupported keyword argument "flush"
   @ Base coreio.jl:5
  println(::Any...) got unsupported keyword argument "flush"
   @ Base coreio.jl:9
  ...

Stacktrace:
 [1] top-level scope
   @ D:\Y3\HK2\DM\code\Charm_Data-Mining-Lab-2\simple_test.jl:11
 [2] include(mod::Module, _path::String)
   @ Base .\Base.jl:306
 [3] exec_options(opts::Base.JLOptions)
   @ Base .\client.jl:317
 [4] _start()
   @ Base .\client.jl:550
in expression starting at 
D:\Y3\HK2\DM\code\Charm_Data-Mining-Lab-2\simple_test.jl:11
